입력: 나는 오늘 저녁에
완성: 나는 오늘 저녁에 한 번 더 이상 보이지 않았다

입력: 이 영화는 정말
완성: 이 영화는 정말 그런 식으로 대응해오는 데에 있다

입력: 커피 한 잔 마시고
완성: 커피 한 잔 마시고 나서 나는 그 때 그 동안 나는 그 때문이다

입력: 내일 날씨는
완성: 내일 날씨는 그의 몸 속으로 들어갔다

입력: 가장 좋아하는 계절은
완성: 가장 좋아하는 계절은 겨울이 되면 그 중 한 마리가 매여 있는 것이 바람직하다

입력: 컴퓨터가 갑자기
완성: 컴퓨터가 갑자기 더 많이 들어 있는 것이다

입력: 새로운 책을 읽기
완성: 새로운 책을 읽기 시작했다

입력: 우리 동네에는
완성: 우리 동네에는 딱 한 가지 않았다

입력: 주말에 뭐 할
완성: 주말에 뭐 할 수 있는 것은 아니다

입력: 친구와 함께
완성: 친구와 함께 있는 것이 아니라 그 동안 그의 얼굴을 하고 있다

입력: 이 노래를 들으면
완성: 이 노래를 들으면 들을수록 스튜디오 안에 있는 것이다

입력: 어제 밤에
완성: 어제 밤에 잠을 못 된다

입력: 다음 주에
완성: 다음 주에 한 번 돈을 가져다 줄 수 있는 것이다

입력: 아침 식사는
완성: 아침 식사는 안되고 설명 능력이 필요하다

입력: 시간이 너무
완성: 시간이 너무 많은 사람들이 모두 다 아는 것은 그 동안 이 같은 것이 아니라 그 속에서 나는

입력: 비가 올 것
완성: 비가 올 것 같아 보이지 않는 한 번 다시 한번 더 이상 그 일을 하고 있었다

입력: 피곤할 때는
완성: 피곤할 때는 언제나 상대적이다

입력: 혼자 여행을
완성: 혼자 여행을 하는 것은 아니다

입력: 지하철에서
완성: 지하철에서 중고등학생들이 방과 청 백 SNSN 가량 되는 것은 바로 그 결과 이 같은 건 아닐까

입력: 새로운 신발을
완성: 새로운 신발을 벗고 수돗물을 마신 뒤 이를 계기로 하여 나는 그 위에 올려놓았다

입력: 하늘이 정말
완성: 하늘이 정말 잘 알고 있었다

입력: 건강을 위해
완성: 건강을 위해 필요한 것은 아니다

입력: 갑자기 전화가
완성: 갑자기 전화가 왔다

입력: 이 문제는
완성: 이 문제는 그 모습이 아른거린다

입력: 생일 선물로
완성: 생일 선물로 받아서 신철의 생각만은 분명합니다

입력: 강아지가 너무
완성: 강아지가 너무 많은 사람들이 이 같은 사람은 없었다

입력: 내 꿈은
완성: 내 꿈은 과연 어느 정도 되는 것은 아니다

입력: 맛있는 음식을
완성: 맛있는 음식을 먹는 것이 아니라 오히려 더 이상 앞으로 우리 나라에서도 9SN 년 동안 이 땅의 이천을

입력: 기분이 좋아서
완성: 기분이 좋아서 하는 것이 아니라 인간의 사회적 약자의 합사회적 이익으로 떠맡은 김정숙 최고위원은 이러한 때에 그 말을

입력: 오늘 하루가
완성: 오늘 하루가 다르게 하는 것이 아니라 그 위에 또 다른 한편으로 이것은 아마도 그의 말에 대한 정부의

입력: 책상 위에
완성: 책상 위에 있는 것이다

입력: 따뜻한 차 한 잔이
완성: 따뜻한 차 한 잔이 두 번 더 많은 사람들이 모두 다 알고 있었다

입력: 문을 열었더니
완성: 문을 열었더니 어련히 알아서 할 수 있다

입력: 눈이 내리면
완성: 눈이 내리면 그와 같은 한 번 더 이상 그 말을 듣는 사람의 말을 못 본 적이 있는

입력: 스마트폰을
완성: 스마트폰을

입력: 좋아하는 사람은
완성: 좋아하는 사람은 아무도 없었다

입력: 시험 공부를
완성: 시험 공부를 해서 그 후 다시 말해 주고 있다

입력: 운동을 시작해야
완성: 운동을 시작해야 한다

입력: 냉장고에
완성: 냉장고에 넣어 주면 된다

입력: 바람이 시원하게
완성: 바람이 시원하게 보이게 하므로 척추에 영향을 미친다

입력: 집으로 가는
완성: 집으로 가는 길이라고 생각한다

입력: 창문을 열고
완성: 창문을 열고 밖으로 나가 버렸다

입력: 늦잠을 자서
완성: 늦잠을 자서 그런지 그들은 그 결과 미얀마 등 다양한 종류의 벌레가 죽을 것 같았다

입력: 길을 걷다가
완성: 길을 걷다가 두 가지 일을 하고 있는 것은 아니다

입력: 잠이 오지
완성: 잠이 오지 않았다

입력: 내일 아침에는
완성: 내일 아침에는 요란한 소리를 질렀다

입력: 버스 정류장에서
완성: 버스 정류장에서 경찰관이라고 말하는 것은 아니다

입력: 어릴 적에는
완성: 어릴 적에는 할아버지에게다 참새를 그 후 내 곁에 앉아 있는 것이 아니라 그 결과 그 후 그

입력: 겨울 방학이
완성: 겨울 방학이 아니라 신문과 방송에 대한 관심이 많은 사람들이 그 때 그 동안 꾸준히 나온다

입력: 저녁 노을이
완성: 저녁 노을이 타고 다니는 동네 사람들은 그 동안 나는 그 결과 이 두 사람은 그것을 위해 가장
